ASxxxx Linker V03.00 + NoICE + sdld,  page 1.
Hexadecimal  [32-Bits]

Area                                    Addr        Size        Decimal Bytes (Attributes)
--------------------------------        ----        ----        ------- ----- ------------
.  .ABS.                            00000000    00000000 =           0. bytes (ABS,CON)

      Value  Global                              Global Defined In Module
      -----  --------------------------------   ------------------------
     00000000  .__.ABS.                           cpct_keyboard
     00000000  l__DATA                         
     00000252  l__CODE                         
     00004000  s__CODE                         
     00004252  s__DATA                         

ASxxxx Linker V03.00 + NoICE + sdld,  page 2.
Hexadecimal  [32-Bits]

Area                                    Addr        Size        Decimal Bytes (Attributes)
--------------------------------        ----        ----        ------- ----- ------------
_CODE                               00004000    00000252 =         594. bytes (REL,CON)

      Value  Global                              Global Defined In Module
      -----  --------------------------------   ------------------------
     00004004  obstacle_erase                     
     0000400A  obstacle_draw                      
     00004010  obstacle_update                    
     0000401C  obstacle_checkCollion              
     00004059  _main                              
     00004094  _cpct_keyboardStatusBuffer         cpct_keyboard
     0000409E  hero_erase                         cpct_keyboard
     000040A4  hero_draw                          cpct_keyboard
     000040AA  hero_update                        cpct_keyboard
     000040B1  hero_getPtrHL                      cpct_keyboard
     00004144  _cpct_isKeyPressed                 cpct_keyboard
     00004144  cpct_isKeyPressed_asm              cpct_keyboard
     00004150  _cpct_waitVSYNC                    cpct_video
     00004150  cpct_waitVSYNC_asm                 cpct_video
     00004158  cpct_drawSolidBox_asm              cpct_sprites
     00004204  _cpct_mode_rom_status              cpct_firmware
     00004205  cpct_getScreenPtr_asm              cpct_video
     00004221  _cpct_scanKeyboard                 cpct_keyboard
     00004221  cpct_scanKeyboard_asm              cpct_keyboard

ASxxxx Linker V03.00 + NoICE + sdld,  page 3.

Files Linked                              [ module(s) ]

obj/obstacle.rel                          [  ]
obj/main.rel                              [  ]
obj/obstacle.h.rel                        [  ]
obj/hero.rel                              [ cpct_keyboard ]
obj/cpctelera.h.rel                       [  ]
obj/hero.h.rel                            [  ]


Libraries Linked                          [ object file ]

/home/Diego/cpctelera/cpctelera/cpctelera.lib
                                          [ cpct_isKeyPressed.rel ]
/home/Diego/cpctelera/cpctelera/cpctelera.lib
                                          [ cpct_waitVSYNC.rel ]
/home/Diego/cpctelera/cpctelera/cpctelera.lib
                                          [ cpct_drawSolidBox_asmbindings.re ]
/home/Diego/cpctelera/cpctelera/cpctelera.lib
                                          [ cpc_mode_rom_status.rel ]
/home/Diego/cpctelera/cpctelera/cpctelera.lib
                                          [ cpct_getScreenPtr_asmbindings.re ]
/home/Diego/cpctelera/cpctelera/cpctelera.lib
                                          [ cpct_scanKeyboard.rel ]

ASxxxx Linker V03.00 + NoICE + sdld,  page 4.

User Base Address Definitions

_CODE = 0x4000
_DATA = 0x0000

